// Jest Snapshot v1, https://goo.gl/fbAQLP

exports[`ToggleButton renders 1`] = `
<ToggleButton
  iconName="cog"
  label="test"
/>
`;
