// Jest Snapshot v1, https://goo.gl/fbAQLP

exports[`DocumentUploader renders 1`] = `
<iframe
  src=""
  style={
    Object {
      "height": "100%",
      "width": "100%",
    }
  }
  title=""
/>
`;
