// Jest Snapshot v1, https://goo.gl/fbAQLP

exports[`InlineEdit matches snapshot 1`] = `
<InlineEdit
  onChange={[Function]}
  value="value"
>
  <div
    className="container_mgoi7r"
    style={Object {}}
  >
    <div
      className="editButtonValueContainer_3hvt2y-o_O-noWrap_vjioml"
    >
      <Text
        color="grey60"
      >
        <p
          className="standardOverride_eiiwmj"
          style={
            Object {
              "color": "#39414D",
              "display": "inline-block",
              "fontFamily": Array [
                "gt-america",
                "-apple-system",
                "BlinkMacSystemFont",
                "Segoe UI",
                "Roboto",
                "Oxygen",
                "Ubuntu",
                "Cantarell",
                "Fira Sans",
                "Droid Sans",
                "Helvetica Neue",
                "sans-serif",
              ],
              "fontSize": "14px",
              "fontStyle": "normal",
              "fontWeight": "400",
              "letterSpacing": 0,
              "lineHeight": "20px",
              "overflow": "visible",
              "textOverflow": "initial",
              "textTransform": "initial",
              "whiteSpace": "inherit",
              "wordBreak": "normal",
            }
          }
        >
          value
        </p>
      </Text>
    </div>
    <div
      className="editButtonContainer_nukbix"
    >
      <Button
        disabled={false}
        intent="basic"
        isLoading={false}
        kind="blank"
        onClick={[Function]}
        size="m"
        type="button"
        width="responsive"
      >
        <button
          className="base_i7qsly-o_O-m_12juzcr-o_O-blank_1kmb22z-o_O-responsive_zk4wup"
          disabled={false}
          onClick={[Function]}
          type="button"
        >
          <div
            className="base_sj570c-o_O-blank_1y3wr5v"
          >
            Edit
          </div>
        </button>
      </Button>
    </div>
  </div>
</InlineEdit>
`;
